Signing up test_creator_15039f@example.com...
2026-01-19 01:47:49,987 INFO sqlalchemy.engine.Engine SELECT DATABASE()
2026-01-19 01:47:49,987 INFO sqlalchemy.engine.Engine [raw sql] ()
2026-01-19 01:47:49,989 INFO sqlalchemy.engine.Engine SELECT @@sql_mode
2026-01-19 01:47:49,989 INFO sqlalchemy.engine.Engine [raw sql] ()
2026-01-19 01:47:49,989 INFO sqlalchemy.engine.Engine SELECT @@lower_case_table_names
2026-01-19 01:47:49,989 INFO sqlalchemy.engine.Engine [raw sql] ()
2026-01-19 01:47:49,991 INFO sqlalchemy.engine.Engine BEGIN (implicit)
2026-01-19 01:47:50,006 INFO sqlalchemy.engine.Engine SELECT users.id, users.email, users.password_hash, users.full_name, users.`role`, users.is_active, users.is_verified, users.created_at, users.updated_at, users.last_login_at 
FROM users 
WHERE users.email = %s
2026-01-19 01:47:50,006 INFO sqlalchemy.engine.Engine [generated in 0.00023s] ('test_creator_15039f@example.com',)
2026-01-19 01:47:50,010 INFO sqlalchemy.engine.Engine UPDATE users SET `role`=%s, updated_at=%s WHERE users.id = %s
2026-01-19 01:47:50,010 INFO sqlalchemy.engine.Engine [generated in 0.00031s] ('DEVELOPER', datetime.datetime(2026, 1, 18, 20, 17, 50, 10400), '6fcebb4b-4fff-46d9-aff6-e8d76c21e1b9')
2026-01-19 01:47:50,012 INFO sqlalchemy.engine.Engine COMMIT
Promoted test_creator_15039f@example.com to DEVELOPER
Logging in...
Creating app...
Create Status: 500
Create Response: {"error":"Internal Server Error","message":"(pymysql.err.IntegrityError) (1048, \"Column 'app_id' cannot be null\")\n[SQL: INSERT INTO app_versions (id, app_id, version, mcp_endpoint, changelog, is_active, created_at) VALUES (%s, %s, %s, %s, %s, %s, %s)]\n[parameters: ('053d7e55-9512-4cb5-ba64-dcb55a09bcc8', None, '1.0.0', 'https://example.com/mcp', 'Initial release', 1, datetime.datetime(2026, 1, 18, 20, 17, 54, 349407))]\n(Background on this error at: https://sqlalche.me/e/20/gkpj)"}
